<?xml version="1.0" encoding="ISO-8859-1" ?>
<link_info>
   <banner>MSP430 Linker PC v20.2.2.LTS</banner>
   <copyright>Copyright (c) 2003-2018 Texas Instruments Incorporated</copyright>
   <link_time>0x5fd0dad6</link_time>
   <link_errors>0x0</link_errors>
   <output_file>E_INK_DRIVER.out</output_file>
   <entry_point>
      <name>_c_int00_noargs</name>
      <address>0xf844</address>
   </entry_point>
   <input_file_list>
      <input_file id="fl-2">
         <path>.\</path>
         <kind>object</kind>
         <file>display_driver.obj</file>
         <name>display_driver.obj</name>
      </input_file>
      <input_file id="fl-3">
         <path>.\</path>
         <kind>object</kind>
         <file>graphlib.obj</file>
         <name>graphlib.obj</name>
      </input_file>
      <input_file id="fl-4">
         <path>.\</path>
         <kind>object</kind>
         <file>main.obj</file>
         <name>main.obj</name>
      </input_file>
      <input_file id="fl-5">
         <path>.\</path>
         <kind>object</kind>
         <file>timer.obj</file>
         <name>timer.obj</name>
      </input_file>
      <input_file id="fl-a">
         <kind>object</kind>
         <file>&lt;internal&gt;</file>
         <name>&lt;internal&gt;</name>
      </input_file>
      <input_file id="fl-20">
         <path>C:\ti\ccs1011\ccs\tools\compiler\ti-cgt-msp430_20.2.2.LTS\lib\</path>
         <kind>archive</kind>
         <file>rts430_eabi.lib</file>
         <name>asr16.asm.obj</name>
      </input_file>
      <input_file id="fl-21">
         <path>C:\ti\ccs1011\ccs\tools\compiler\ti-cgt-msp430_20.2.2.LTS\lib\</path>
         <kind>archive</kind>
         <file>rts430_eabi.lib</file>
         <name>int00.asm.obj</name>
      </input_file>
      <input_file id="fl-22">
         <path>C:\ti\ccs1011\ccs\tools\compiler\ti-cgt-msp430_20.2.2.LTS\lib\</path>
         <kind>archive</kind>
         <file>rts430_eabi.lib</file>
         <name>int02.asm.obj</name>
      </input_file>
      <input_file id="fl-23">
         <path>C:\ti\ccs1011\ccs\tools\compiler\ti-cgt-msp430_20.2.2.LTS\lib\</path>
         <kind>archive</kind>
         <file>rts430_eabi.lib</file>
         <name>int03.asm.obj</name>
      </input_file>
      <input_file id="fl-24">
         <path>C:\ti\ccs1011\ccs\tools\compiler\ti-cgt-msp430_20.2.2.LTS\lib\</path>
         <kind>archive</kind>
         <file>rts430_eabi.lib</file>
         <name>int05.asm.obj</name>
      </input_file>
      <input_file id="fl-25">
         <path>C:\ti\ccs1011\ccs\tools\compiler\ti-cgt-msp430_20.2.2.LTS\lib\</path>
         <kind>archive</kind>
         <file>rts430_eabi.lib</file>
         <name>int06.asm.obj</name>
      </input_file>
      <input_file id="fl-26">
         <path>C:\ti\ccs1011\ccs\tools\compiler\ti-cgt-msp430_20.2.2.LTS\lib\</path>
         <kind>archive</kind>
         <file>rts430_eabi.lib</file>
         <name>int07.asm.obj</name>
      </input_file>
      <input_file id="fl-27">
         <path>C:\ti\ccs1011\ccs\tools\compiler\ti-cgt-msp430_20.2.2.LTS\lib\</path>
         <kind>archive</kind>
         <file>rts430_eabi.lib</file>
         <name>int08.asm.obj</name>
      </input_file>
      <input_file id="fl-28">
         <path>C:\ti\ccs1011\ccs\tools\compiler\ti-cgt-msp430_20.2.2.LTS\lib\</path>
         <kind>archive</kind>
         <file>rts430_eabi.lib</file>
         <name>int09.asm.obj</name>
      </input_file>
      <input_file id="fl-29">
         <path>C:\ti\ccs1011\ccs\tools\compiler\ti-cgt-msp430_20.2.2.LTS\lib\</path>
         <kind>archive</kind>
         <file>rts430_eabi.lib</file>
         <name>int11.asm.obj</name>
      </input_file>
      <input_file id="fl-2a">
         <path>C:\ti\ccs1011\ccs\tools\compiler\ti-cgt-msp430_20.2.2.LTS\lib\</path>
         <kind>archive</kind>
         <file>rts430_eabi.lib</file>
         <name>int12.asm.obj</name>
      </input_file>
      <input_file id="fl-2b">
         <path>C:\ti\ccs1011\ccs\tools\compiler\ti-cgt-msp430_20.2.2.LTS\lib\</path>
         <kind>archive</kind>
         <file>rts430_eabi.lib</file>
         <name>int13.asm.obj</name>
      </input_file>
      <input_file id="fl-2c">
         <path>C:\ti\ccs1011\ccs\tools\compiler\ti-cgt-msp430_20.2.2.LTS\lib\</path>
         <kind>archive</kind>
         <file>rts430_eabi.lib</file>
         <name>int14.asm.obj</name>
      </input_file>
      <input_file id="fl-2d">
         <path>C:\ti\ccs1011\ccs\tools\compiler\ti-cgt-msp430_20.2.2.LTS\lib\</path>
         <kind>archive</kind>
         <file>rts430_eabi.lib</file>
         <name>isr_trap.asm.obj</name>
      </input_file>
      <input_file id="fl-2e">
         <path>C:\ti\ccs1011\ccs\tools\compiler\ti-cgt-msp430_20.2.2.LTS\lib\</path>
         <kind>archive</kind>
         <file>rts430_eabi.lib</file>
         <name>mult16.asm.obj</name>
      </input_file>
      <input_file id="fl-2f">
         <path>C:\ti\ccs1011\ccs\tools\compiler\ti-cgt-msp430_20.2.2.LTS\lib\</path>
         <kind>archive</kind>
         <file>rts430_eabi.lib</file>
         <name>boot.c.obj</name>
      </input_file>
      <input_file id="fl-30">
         <path>C:\ti\ccs1011\ccs\tools\compiler\ti-cgt-msp430_20.2.2.LTS\lib\</path>
         <kind>archive</kind>
         <file>rts430_eabi.lib</file>
         <name>autoinit.c.obj</name>
      </input_file>
      <input_file id="fl-31">
         <path>C:\ti\ccs1011\ccs\tools\compiler\ti-cgt-msp430_20.2.2.LTS\lib\</path>
         <kind>archive</kind>
         <file>rts430_eabi.lib</file>
         <name>copy_zero_init.c.obj</name>
      </input_file>
      <input_file id="fl-32">
         <path>C:\ti\ccs1011\ccs\tools\compiler\ti-cgt-msp430_20.2.2.LTS\lib\</path>
         <kind>archive</kind>
         <file>rts430_eabi.lib</file>
         <name>cpy_tbl.c.obj</name>
      </input_file>
      <input_file id="fl-33">
         <path>C:\ti\ccs1011\ccs\tools\compiler\ti-cgt-msp430_20.2.2.LTS\lib\</path>
         <kind>archive</kind>
         <file>rts430_eabi.lib</file>
         <name>mpu_init.c.obj</name>
      </input_file>
      <input_file id="fl-34">
         <path>C:\ti\ccs1011\ccs\tools\compiler\ti-cgt-msp430_20.2.2.LTS\lib\</path>
         <kind>archive</kind>
         <file>rts430_eabi.lib</file>
         <name>pre_init.c.obj</name>
      </input_file>
      <input_file id="fl-35">
         <path>C:\ti\ccs1011\ccs\tools\compiler\ti-cgt-msp430_20.2.2.LTS\lib\</path>
         <kind>archive</kind>
         <file>rts430_eabi.lib</file>
         <name>startup.c.obj</name>
      </input_file>
      <input_file id="fl-36">
         <path>C:\ti\ccs1011\ccs\tools\compiler\ti-cgt-msp430_20.2.2.LTS\lib\</path>
         <kind>archive</kind>
         <file>rts430_eabi.lib</file>
         <name>copy_decompress_none.c.obj</name>
      </input_file>
      <input_file id="fl-37">
         <path>C:\ti\ccs1011\ccs\tools\compiler\ti-cgt-msp430_20.2.2.LTS\lib\</path>
         <kind>archive</kind>
         <file>rts430_eabi.lib</file>
         <name>copy_decompress_lzss.c.obj</name>
      </input_file>
      <input_file id="fl-38">
         <path>C:\ti\ccs1011\ccs\tools\compiler\ti-cgt-msp430_20.2.2.LTS\lib\</path>
         <kind>archive</kind>
         <file>rts430_eabi.lib</file>
         <name>exit.c.obj</name>
      </input_file>
      <input_file id="fl-39">
         <path>C:\ti\ccs1011\ccs\tools\compiler\ti-cgt-msp430_20.2.2.LTS\lib\</path>
         <kind>archive</kind>
         <file>rts430_eabi.lib</file>
         <name>_lock.c.obj</name>
      </input_file>
      <input_file id="fl-3a">
         <path>C:\ti\ccs1011\ccs\tools\compiler\ti-cgt-msp430_20.2.2.LTS\lib\</path>
         <kind>archive</kind>
         <file>rts430_eabi.lib</file>
         <name>args_main.c.obj</name>
      </input_file>
      <input_file id="fl-3b">
         <path>C:\ti\ccs1011\ccs\tools\compiler\ti-cgt-msp430_20.2.2.LTS\lib\</path>
         <kind>archive</kind>
         <file>rts430_eabi.lib</file>
         <name>memcpy.c.obj</name>
      </input_file>
      <input_file id="fl-3c">
         <path>C:\ti\ccs1011\ccs\tools\compiler\ti-cgt-msp430_20.2.2.LTS\lib\</path>
         <kind>archive</kind>
         <file>rts430_eabi.lib</file>
         <name>epilog.asm.obj</name>
      </input_file>
      <input_file id="fl-3d">
         <path>C:\ti\ccs1011\ccs\tools\compiler\ti-cgt-msp430_20.2.2.LTS\lib\</path>
         <kind>archive</kind>
         <file>rts430_eabi.lib</file>
         <name>lsl16.asm.obj</name>
      </input_file>
      <input_file id="fl-3e">
         <path>C:\ti\ccs1011\ccs\tools\compiler\ti-cgt-msp430_20.2.2.LTS\lib\</path>
         <kind>archive</kind>
         <file>rts430_eabi.lib</file>
         <name>lsr16.asm.obj</name>
      </input_file>
      <input_file id="fl-3f">
         <path>C:\ti\ccs1011\ccs\tools\compiler\ti-cgt-msp430_20.2.2.LTS\lib\</path>
         <kind>archive</kind>
         <file>rts430_eabi.lib</file>
         <name>exit_gvars.c.obj</name>
      </input_file>
   </input_file_list>
   <object_component_list>
      <object_component id="oc-23c">
         <name>.common:DISPLAY_COLUMN</name>
         <uninitialized>true</uninitialized>
         <run_address>0x395</run_address>
         <size>0x1</size>
      </object_component>
      <object_component id="oc-237">
         <name>.common:DISPLAY_ROW</name>
         <uninitialized>true</uninitialized>
         <run_address>0x396</run_address>
         <size>0x1</size>
      </object_component>
      <object_component id="oc-23d">
         <name>.common:frame_buffer</name>
         <uninitialized>true</uninitialized>
         <run_address>0x200</run_address>
         <size>0x190</size>
      </object_component>
      <object_component id="oc-489">
         <name>.common:inverse_mode</name>
         <uninitialized>true</uninitialized>
         <run_address>0x397</run_address>
         <size>0x1</size>
      </object_component>
      <object_component id="oc-48a">
         <name>.common:masking</name>
         <uninitialized>true</uninitialized>
         <run_address>0x398</run_address>
         <size>0x1</size>
      </object_component>
      <object_component id="oc-488">
         <name>.common:BsShift</name>
         <uninitialized>true</uninitialized>
         <run_address>0x394</run_address>
         <size>0x1</size>
      </object_component>
      <object_component id="oc-17a">
         <name>.common:TIME_MEASURE</name>
         <uninitialized>true</uninitialized>
         <run_address>0x392</run_address>
         <size>0x2</size>
      </object_component>
      <object_component id="oc-177">
         <name>.common:TIMERCOUNT</name>
         <uninitialized>true</uninitialized>
         <run_address>0x390</run_address>
         <size>0x2</size>
      </object_component>
      <object_component id="oc-b1">
         <name>.stack</name>
         <uninitialized>true</uninitialized>
         <run_address>0x3b0</run_address>
         <size>0x2</size>
         <input_file_ref idref="fl-2f"/>
      </object_component>
      <object_component id="oc-511">
         <name>.stack</name>
         <uninitialized>true</uninitialized>
         <run_address>0x3b0</run_address>
         <size>0x0</size>
      </object_component>
      <object_component id="oc-152">
         <name>.text:main</name>
         <load_address>0xf084</load_address>
         <run_address>0xf084</run_address>
         <size>0x180</size>
         <input_file_ref idref="fl-4"/>
      </object_component>
      <object_component id="oc-1af">
         <name>.text:LoadText</name>
         <load_address>0xf204</load_address>
         <run_address>0xf204</run_address>
         <size>0x17e</size>
         <input_file_ref idref="fl-2"/>
      </object_component>
      <object_component id="oc-36a">
         <name>.text:OutChar</name>
         <load_address>0xf382</load_address>
         <run_address>0xf382</run_address>
         <size>0xee</size>
         <input_file_ref idref="fl-3"/>
      </object_component>
      <object_component id="oc-18d">
         <name>.text:InitDisplay</name>
         <load_address>0xf470</load_address>
         <run_address>0xf470</run_address>
         <size>0x8a</size>
         <input_file_ref idref="fl-2"/>
      </object_component>
      <object_component id="oc-193">
         <name>.text:BlankScreen</name>
         <load_address>0xf4fa</load_address>
         <run_address>0xf4fa</run_address>
         <size>0x82</size>
         <input_file_ref idref="fl-2"/>
      </object_component>
      <object_component id="oc-229">
         <name>.text:MapRAMToDisplay</name>
         <load_address>0xf57c</load_address>
         <run_address>0xf57c</run_address>
         <size>0x64</size>
         <input_file_ref idref="fl-2"/>
      </object_component>
      <object_component id="oc-1b8">
         <name>.text:LoadBitmap</name>
         <load_address>0xf5e0</load_address>
         <run_address>0xf5e0</run_address>
         <size>0x54</size>
         <input_file_ref idref="fl-2"/>
      </object_component>
      <object_component id="oc-3ac">
         <name>.text:SerialOut</name>
         <load_address>0xf634</load_address>
         <run_address>0xf634</run_address>
         <size>0x54</size>
         <input_file_ref idref="fl-2"/>
      </object_component>
      <object_component id="oc-1ce">
         <name>.text:__TI_auto_init_nobinit_nopinit:__TI_auto_init_nobinit_nopinit</name>
         <load_address>0xf688</load_address>
         <run_address>0xf688</run_address>
         <size>0x42</size>
         <input_file_ref idref="fl-30"/>
      </object_component>
      <object_component id="oc-22f">
         <name>.text:SetLocation</name>
         <load_address>0xf6ca</load_address>
         <run_address>0xf6ca</run_address>
         <size>0x40</size>
         <input_file_ref idref="fl-2"/>
      </object_component>
      <object_component id="oc-1a9">
         <name>.text:OutString</name>
         <load_address>0xf70a</load_address>
         <run_address>0xf70a</run_address>
         <size>0x38</size>
         <input_file_ref idref="fl-3"/>
      </object_component>
      <object_component id="oc-222">
         <name>.text:WriteLUT</name>
         <load_address>0xf742</load_address>
         <run_address>0xf742</run_address>
         <size>0x36</size>
         <input_file_ref idref="fl-2"/>
      </object_component>
      <object_component id="oc-19f">
         <name>.text:InitFrameBuffer</name>
         <load_address>0xf778</load_address>
         <run_address>0xf778</run_address>
         <size>0x2c</size>
         <input_file_ref idref="fl-3"/>
      </object_component>
      <object_component id="oc-483">
         <name>.text</name>
         <load_address>0xf7a4</load_address>
         <run_address>0xf7a4</run_address>
         <size>0x2c</size>
         <input_file_ref idref="fl-20"/>
      </object_component>
      <object_component id="oc-48b">
         <name>.text:WriteFrameBuffer</name>
         <load_address>0xf7d0</load_address>
         <run_address>0xf7d0</run_address>
         <size>0x2a</size>
         <input_file_ref idref="fl-3"/>
      </object_component>
      <object_component id="oc-207">
         <name>.text:Reset</name>
         <load_address>0xf7fa</load_address>
         <run_address>0xf7fa</run_address>
         <size>0x26</size>
         <input_file_ref idref="fl-2"/>
      </object_component>
      <object_component id="oc-199">
         <name>.text:DisplayFrame</name>
         <load_address>0xf820</load_address>
         <run_address>0xf820</run_address>
         <size>0x24</size>
         <input_file_ref idref="fl-2"/>
      </object_component>
      <object_component id="oc-f9">
         <name>.text:_c_int00_noargs</name>
         <load_address>0xf844</load_address>
         <run_address>0xf844</run_address>
         <size>0x1c</size>
         <input_file_ref idref="fl-2f"/>
      </object_component>
      <object_component id="oc-187">
         <name>.text:InitDriver</name>
         <load_address>0xf860</load_address>
         <run_address>0xf860</run_address>
         <size>0x1a</size>
         <input_file_ref idref="fl-2"/>
      </object_component>
      <object_component id="oc-e1">
         <name>.text:watchdog_timer</name>
         <load_address>0xf87a</load_address>
         <run_address>0xf87a</run_address>
         <size>0x1a</size>
         <input_file_ref idref="fl-4"/>
      </object_component>
      <object_component id="oc-213">
         <name>.text:WriteCommand</name>
         <load_address>0xf894</load_address>
         <run_address>0xf894</run_address>
         <size>0x14</size>
         <input_file_ref idref="fl-2"/>
      </object_component>
      <object_component id="oc-219">
         <name>.text:WriteData</name>
         <load_address>0xf8a8</load_address>
         <run_address>0xf8a8</run_address>
         <size>0x14</size>
         <input_file_ref idref="fl-2"/>
      </object_component>
      <object_component id="oc-e7">
         <name>.text:decompress:ZI:__TI_zero_init_nomemset:__TI_zero_init_nomemset</name>
         <load_address>0xf8bc</load_address>
         <run_address>0xf8bc</run_address>
         <size>0x14</size>
         <input_file_ref idref="fl-31"/>
      </object_component>
      <object_component id="oc-4b3">
         <name>.text</name>
         <load_address>0xf8d0</load_address>
         <run_address>0xf8d0</run_address>
         <size>0x14</size>
         <input_file_ref idref="fl-2e"/>
      </object_component>
      <object_component id="oc-bf">
         <name>.text</name>
         <load_address>0xf8e4</load_address>
         <run_address>0xf8e4</run_address>
         <size>0x10</size>
         <input_file_ref idref="fl-3c"/>
      </object_component>
      <object_component id="oc-13d">
         <name>.text:CallInISR</name>
         <load_address>0xf8f4</load_address>
         <run_address>0xf8f4</run_address>
         <size>0xa</size>
         <input_file_ref idref="fl-5"/>
      </object_component>
      <object_component id="oc-20d">
         <name>.text:PollBusy</name>
         <load_address>0xf8fe</load_address>
         <run_address>0xf8fe</run_address>
         <size>0x8</size>
         <input_file_ref idref="fl-2"/>
      </object_component>
      <object_component id="oc-dc">
         <name>.text:_isr:__TI_ISR_TRAP</name>
         <load_address>0xf906</load_address>
         <run_address>0xf906</run_address>
         <size>0x8</size>
         <input_file_ref idref="fl-2d"/>
      </object_component>
      <object_component id="oc-181">
         <name>.text:InitTimerSystem</name>
         <load_address>0xf90e</load_address>
         <run_address>0xf90e</run_address>
         <size>0x6</size>
         <input_file_ref idref="fl-5"/>
      </object_component>
      <object_component id="oc-1c2">
         <name>.text:abort</name>
         <load_address>0xf914</load_address>
         <run_address>0xf914</run_address>
         <size>0x6</size>
         <input_file_ref idref="fl-38"/>
      </object_component>
      <object_component id="oc-14c">
         <name>.text:_system_pre_init</name>
         <load_address>0xf91a</load_address>
         <run_address>0xf91a</run_address>
         <size>0x4</size>
         <input_file_ref idref="fl-34"/>
      </object_component>
      <object_component id="oc-389">
         <name>.text:_system_post_cinit</name>
         <load_address>0xf91e</load_address>
         <run_address>0xf91e</run_address>
         <size>0x2</size>
         <input_file_ref idref="fl-35"/>
      </object_component>
      <object_component id="oc-510">
         <name>.cinit..bss.load</name>
         <load_address>0xf920</load_address>
         <run_address>0xf920</run_address>
         <size>0x4</size>
      </object_component>
      <object_component id="oc-50e">
         <name>__TI_handler_table</name>
         <load_address>0xf924</load_address>
         <run_address>0xf924</run_address>
         <size>0x2</size>
      </object_component>
      <object_component id="oc-50f">
         <name>__TI_cinit_table</name>
         <load_address>0xf926</load_address>
         <run_address>0xf926</run_address>
         <size>0x4</size>
      </object_component>
      <object_component id="oc-1b5">
         <name>.const:.string:Doraemon</name>
         <load_address>0xc000</load_address>
         <run_address>0xc000</run_address>
         <size>0x1388</size>
         <input_file_ref idref="fl-4"/>
      </object_component>
      <object_component id="oc-1be">
         <name>.const:.string:Sonic</name>
         <load_address>0xd388</load_address>
         <run_address>0xd388</run_address>
         <size>0x1388</size>
         <input_file_ref idref="fl-4"/>
      </object_component>
      <object_component id="oc-1a6">
         <name>.const:Font2</name>
         <load_address>0xe710</load_address>
         <run_address>0xe710</run_address>
         <size>0x200</size>
         <input_file_ref idref="fl-4"/>
      </object_component>
      <object_component id="oc-1a5">
         <name>.const:.string</name>
         <load_address>0xe910</load_address>
         <run_address>0xe910</run_address>
         <size>0x8c</size>
         <input_file_ref idref="fl-4"/>
      </object_component>
      <object_component id="oc-2f0">
         <name>.const:.string:f02_87</name>
         <load_address>0xe99c</load_address>
         <run_address>0xe99c</run_address>
         <size>0x1f</size>
         <input_file_ref idref="fl-4"/>
      </object_component>
      <object_component id="oc-21f">
         <name>.const:.string:lut_full_update</name>
         <load_address>0xe9bc</load_address>
         <run_address>0xe9bc</run_address>
         <size>0x1e</size>
         <input_file_ref idref="fl-2"/>
      </object_component>
      <object_component id="oc-25a">
         <name>.const:.string:f02_37</name>
         <load_address>0xe9da</load_address>
         <run_address>0xe9da</run_address>
         <size>0x1d</size>
         <input_file_ref idref="fl-4"/>
      </object_component>
      <object_component id="oc-332">
         <name>.const:.string:f02_109</name>
         <load_address>0xe9f8</load_address>
         <run_address>0xe9f8</run_address>
         <size>0x1b</size>
         <input_file_ref idref="fl-4"/>
      </object_component>
      <object_component id="oc-2ab">
         <name>.const:.string:f02_64</name>
         <load_address>0xea14</load_address>
         <run_address>0xea14</run_address>
         <size>0x19</size>
         <input_file_ref idref="fl-4"/>
      </object_component>
      <object_component id="oc-2d2">
         <name>.const:.string:f02_77</name>
         <load_address>0xea2e</load_address>
         <run_address>0xea2e</run_address>
         <size>0x19</size>
         <input_file_ref idref="fl-4"/>
      </object_component>
      <object_component id="oc-2d8">
         <name>.const:.string:f02_79</name>
         <load_address>0xea48</load_address>
         <run_address>0xea48</run_address>
         <size>0x19</size>
         <input_file_ref idref="fl-4"/>
      </object_component>
      <object_component id="oc-2de">
         <name>.const:.string:f02_81</name>
         <load_address>0xea62</load_address>
         <run_address>0xea62</run_address>
         <size>0x19</size>
         <input_file_ref idref="fl-4"/>
      </object_component>
      <object_component id="oc-350">
         <name>.const:.string:f02_119</name>
         <load_address>0xea7c</load_address>
         <run_address>0xea7c</run_address>
         <size>0x17</size>
         <input_file_ref idref="fl-4"/>
      </object_component>
      <object_component id="oc-254">
         <name>.const:.string:f02_35</name>
         <load_address>0xea94</load_address>
         <run_address>0xea94</run_address>
         <size>0x17</size>
         <input_file_ref idref="fl-4"/>
      </object_component>
      <object_component id="oc-2c0">
         <name>.const:.string:f02_71</name>
         <load_address>0xeaac</load_address>
         <run_address>0xeaac</run_address>
         <size>0x17</size>
         <input_file_ref idref="fl-4"/>
      </object_component>
      <object_component id="oc-2cc">
         <name>.const:.string:f02_75</name>
         <load_address>0xeac4</load_address>
         <run_address>0xeac4</run_address>
         <size>0x17</size>
         <input_file_ref idref="fl-4"/>
      </object_component>
      <object_component id="oc-2f3">
         <name>.const:.string:f02_88</name>
         <load_address>0xeadc</load_address>
         <run_address>0xeadc</run_address>
         <size>0x17</size>
         <input_file_ref idref="fl-4"/>
      </object_component>
      <object_component id="oc-2f6">
         <name>.const:.string:f02_89</name>
         <load_address>0xeaf4</load_address>
         <run_address>0xeaf4</run_address>
         <size>0x17</size>
         <input_file_ref idref="fl-4"/>
      </object_component>
      <object_component id="oc-25d">
         <name>.const:.string:f02_38</name>
         <load_address>0xeb0c</load_address>
         <run_address>0xeb0c</run_address>
         <size>0x15</size>
         <input_file_ref idref="fl-4"/>
      </object_component>
      <object_component id="oc-2b1">
         <name>.const:.string:f02_66</name>
         <load_address>0xeb22</load_address>
         <run_address>0xeb22</run_address>
         <size>0x15</size>
         <input_file_ref idref="fl-4"/>
      </object_component>
      <object_component id="oc-2b4">
         <name>.const:.string:f02_67</name>
         <load_address>0xeb38</load_address>
         <run_address>0xeb38</run_address>
         <size>0x15</size>
         <input_file_ref idref="fl-4"/>
      </object_component>
      <object_component id="oc-2b7">
         <name>.const:.string:f02_68</name>
         <load_address>0xeb4e</load_address>
         <run_address>0xeb4e</run_address>
         <size>0x15</size>
         <input_file_ref idref="fl-4"/>
      </object_component>
      <object_component id="oc-2c3">
         <name>.const:.string:f02_72</name>
         <load_address>0xeb64</load_address>
         <run_address>0xeb64</run_address>
         <size>0x15</size>
         <input_file_ref idref="fl-4"/>
      </object_component>
      <object_component id="oc-2d5">
         <name>.const:.string:f02_78</name>
         <load_address>0xeb7a</load_address>
         <run_address>0xeb7a</run_address>
         <size>0x15</size>
         <input_file_ref idref="fl-4"/>
      </object_component>
      <object_component id="oc-2db">
         <name>.const:.string:f02_80</name>
         <load_address>0xeb90</load_address>
         <run_address>0xeb90</run_address>
         <size>0x15</size>
         <input_file_ref idref="fl-4"/>
      </object_component>
      <object_component id="oc-2e1">
         <name>.const:.string:f02_82</name>
         <load_address>0xeba6</load_address>
         <run_address>0xeba6</run_address>
         <size>0x15</size>
         <input_file_ref idref="fl-4"/>
      </object_component>
      <object_component id="oc-2ea">
         <name>.const:.string:f02_85</name>
         <load_address>0xebbc</load_address>
         <run_address>0xebbc</run_address>
         <size>0x15</size>
         <input_file_ref idref="fl-4"/>
      </object_component>
      <object_component id="oc-2f9">
         <name>.const:.string:f02_90</name>
         <load_address>0xebd2</load_address>
         <run_address>0xebd2</run_address>
         <size>0x15</size>
         <input_file_ref idref="fl-4"/>
      </object_component>
      <object_component id="oc-338">
         <name>.const:.string:f02_111</name>
         <load_address>0xebe8</load_address>
         <run_address>0xebe8</run_address>
         <size>0x13</size>
         <input_file_ref idref="fl-4"/>
      </object_component>
      <object_component id="oc-365">
         <name>.const:.string:f02_126</name>
         <load_address>0xebfc</load_address>
         <run_address>0xebfc</run_address>
         <size>0x13</size>
         <input_file_ref idref="fl-4"/>
      </object_component>
      <object_component id="oc-257">
         <name>.const:.string:f02_36</name>
         <load_address>0xec10</load_address>
         <run_address>0xec10</run_address>
         <size>0x13</size>
         <input_file_ref idref="fl-4"/>
      </object_component>
      <object_component id="oc-2a8">
         <name>.const:.string:f02_63</name>
         <load_address>0xec24</load_address>
         <run_address>0xec24</run_address>
         <size>0x13</size>
         <input_file_ref idref="fl-4"/>
      </object_component>
      <object_component id="oc-2ae">
         <name>.const:.string:f02_65</name>
         <load_address>0xec38</load_address>
         <run_address>0xec38</run_address>
         <size>0x13</size>
         <input_file_ref idref="fl-4"/>
      </object_component>
      <object_component id="oc-2e4">
         <name>.const:.string:f02_83</name>
         <load_address>0xec4c</load_address>
         <run_address>0xec4c</run_address>
         <size>0x13</size>
         <input_file_ref idref="fl-4"/>
      </object_component>
      <object_component id="oc-2e7">
         <name>.const:.string:f02_84</name>
         <load_address>0xec60</load_address>
         <run_address>0xec60</run_address>
         <size>0x13</size>
         <input_file_ref idref="fl-4"/>
      </object_component>
      <object_component id="oc-2ed">
         <name>.const:.string:f02_86</name>
         <load_address>0xec74</load_address>
         <run_address>0xec74</run_address>
         <size>0x13</size>
         <input_file_ref idref="fl-4"/>
      </object_component>
      <object_component id="oc-317">
         <name>.const:.string:f02_100</name>
         <load_address>0xec88</load_address>
         <run_address>0xec88</run_address>
         <size>0x11</size>
         <input_file_ref idref="fl-4"/>
      </object_component>
      <object_component id="oc-31a">
         <name>.const:.string:f02_101</name>
         <load_address>0xec9a</load_address>
         <run_address>0xec9a</run_address>
         <size>0x11</size>
         <input_file_ref idref="fl-4"/>
      </object_component>
      <object_component id="oc-320">
         <name>.const:.string:f02_103</name>
         <load_address>0xecac</load_address>
         <run_address>0xecac</run_address>
         <size>0x11</size>
         <input_file_ref idref="fl-4"/>
      </object_component>
      <object_component id="oc-323">
         <name>.const:.string:f02_104</name>
         <load_address>0xecbe</load_address>
         <run_address>0xecbe</run_address>
         <size>0x11</size>
         <input_file_ref idref="fl-4"/>
      </object_component>
      <object_component id="oc-32c">
         <name>.const:.string:f02_107</name>
         <load_address>0xecd0</load_address>
         <run_address>0xecd0</run_address>
         <size>0x11</size>
         <input_file_ref idref="fl-4"/>
      </object_component>
      <object_component id="oc-335">
         <name>.const:.string:f02_110</name>
         <load_address>0xece2</load_address>
         <run_address>0xece2</run_address>
         <size>0x11</size>
         <input_file_ref idref="fl-4"/>
      </object_component>
      <object_component id="oc-33b">
         <name>.const:.string:f02_112</name>
         <load_address>0xecf4</load_address>
         <run_address>0xecf4</run_address>
         <size>0x11</size>
         <input_file_ref idref="fl-4"/>
      </object_component>
      <object_component id="oc-33e">
         <name>.const:.string:f02_113</name>
         <load_address>0xed06</load_address>
         <run_address>0xed06</run_address>
         <size>0x11</size>
         <input_file_ref idref="fl-4"/>
      </object_component>
      <object_component id="oc-341">
         <name>.const:.string:f02_114</name>
         <load_address>0xed18</load_address>
         <run_address>0xed18</run_address>
         <size>0x11</size>
         <input_file_ref idref="fl-4"/>
      </object_component>
      <object_component id="oc-34a">
         <name>.const:.string:f02_117</name>
         <load_address>0xed2a</load_address>
         <run_address>0xed2a</run_address>
         <size>0x11</size>
         <input_file_ref idref="fl-4"/>
      </object_component>
      <object_component id="oc-34d">
         <name>.const:.string:f02_118</name>
         <load_address>0xed3c</load_address>
         <run_address>0xed3c</run_address>
         <size>0x11</size>
         <input_file_ref idref="fl-4"/>
      </object_component>
      <object_component id="oc-356">
         <name>.const:.string:f02_121</name>
         <load_address>0xed4e</load_address>
         <run_address>0xed4e</run_address>
         <size>0x11</size>
         <input_file_ref idref="fl-4"/>
      </object_component>
      <object_component id="oc-359">
         <name>.const:.string:f02_122</name>
         <load_address>0xed60</load_address>
         <run_address>0xed60</run_address>
         <size>0x11</size>
         <input_file_ref idref="fl-4"/>
      </object_component>
      <object_component id="oc-242">
         <name>.const:.string:f02_29</name>
         <load_address>0xed72</load_address>
         <run_address>0xed72</run_address>
         <size>0x11</size>
         <input_file_ref idref="fl-4"/>
      </object_component>
      <object_component id="oc-245">
         <name>.const:.string:f02_30</name>
         <load_address>0xed84</load_address>
         <run_address>0xed84</run_address>
         <size>0x11</size>
         <input_file_ref idref="fl-4"/>
      </object_component>
      <object_component id="oc-248">
         <name>.const:.string:f02_31</name>
         <load_address>0xed96</load_address>
         <run_address>0xed96</run_address>
         <size>0x11</size>
         <input_file_ref idref="fl-4"/>
      </object_component>
      <object_component id="oc-24b">
         <name>.const:.string:f02_32</name>
         <load_address>0xeda8</load_address>
         <run_address>0xeda8</run_address>
         <size>0x11</size>
         <input_file_ref idref="fl-4"/>
      </object_component>
      <object_component id="oc-269">
         <name>.const:.string:f02_42</name>
         <load_address>0xedba</load_address>
         <run_address>0xedba</run_address>
         <size>0x11</size>
         <input_file_ref idref="fl-4"/>
      </object_component>
      <object_component id="oc-27b">
         <name>.const:.string:f02_48</name>
         <load_address>0xedcc</load_address>
         <run_address>0xedcc</run_address>
         <size>0x11</size>
         <input_file_ref idref="fl-4"/>
      </object_component>
      <object_component id="oc-284">
         <name>.const:.string:f02_51</name>
         <load_address>0xedde</load_address>
         <run_address>0xedde</run_address>
         <size>0x11</size>
         <input_file_ref idref="fl-4"/>
      </object_component>
      <object_component id="oc-287">
         <name>.const:.string:f02_52</name>
         <load_address>0xedf0</load_address>
         <run_address>0xedf0</run_address>
         <size>0x11</size>
         <input_file_ref idref="fl-4"/>
      </object_component>
      <object_component id="oc-28a">
         <name>.const:.string:f02_53</name>
         <load_address>0xee02</load_address>
         <run_address>0xee02</run_address>
         <size>0x11</size>
         <input_file_ref idref="fl-4"/>
      </object_component>
      <object_component id="oc-28d">
         <name>.const:.string:f02_54</name>
         <load_address>0xee14</load_address>
         <run_address>0xee14</run_address>
         <size>0x11</size>
         <input_file_ref idref="fl-4"/>
      </object_component>
      <object_component id="oc-290">
         <name>.const:.string:f02_55</name>
         <load_address>0xee26</load_address>
         <run_address>0xee26</run_address>
         <size>0x11</size>
         <input_file_ref idref="fl-4"/>
      </object_component>
      <object_component id="oc-293">
         <name>.const:.string:f02_56</name>
         <load_address>0xee38</load_address>
         <run_address>0xee38</run_address>
         <size>0x11</size>
         <input_file_ref idref="fl-4"/>
      </object_component>
      <object_component id="oc-296">
         <name>.const:.string:f02_57</name>
         <load_address>0xee4a</load_address>
         <run_address>0xee4a</run_address>
         <size>0x11</size>
         <input_file_ref idref="fl-4"/>
      </object_component>
      <object_component id="oc-29f">
         <name>.const:.string:f02_60</name>
         <load_address>0xee5c</load_address>
         <run_address>0xee5c</run_address>
         <size>0x11</size>
         <input_file_ref idref="fl-4"/>
      </object_component>
      <object_component id="oc-2a2">
         <name>.const:.string:f02_61</name>
         <load_address>0xee6e</load_address>
         <run_address>0xee6e</run_address>
         <size>0x11</size>
         <input_file_ref idref="fl-4"/>
      </object_component>
      <object_component id="oc-2a5">
         <name>.const:.string:f02_62</name>
         <load_address>0xee80</load_address>
         <run_address>0xee80</run_address>
         <size>0x11</size>
         <input_file_ref idref="fl-4"/>
      </object_component>
      <object_component id="oc-2ba">
         <name>.const:.string:f02_69</name>
         <load_address>0xee92</load_address>
         <run_address>0xee92</run_address>
         <size>0x11</size>
         <input_file_ref idref="fl-4"/>
      </object_component>
      <object_component id="oc-2bd">
         <name>.const:.string:f02_70</name>
         <load_address>0xeea4</load_address>
         <run_address>0xeea4</run_address>
         <size>0x11</size>
         <input_file_ref idref="fl-4"/>
      </object_component>
      <object_component id="oc-308">
         <name>.const:.string:f02_95</name>
         <load_address>0xeeb6</load_address>
         <run_address>0xeeb6</run_address>
         <size>0x11</size>
         <input_file_ref idref="fl-4"/>
      </object_component>
      <object_component id="oc-30e">
         <name>.const:.string:f02_97</name>
         <load_address>0xeec8</load_address>
         <run_address>0xeec8</run_address>
         <size>0x11</size>
         <input_file_ref idref="fl-4"/>
      </object_component>
      <object_component id="oc-311">
         <name>.const:.string:f02_98</name>
         <load_address>0xeeda</load_address>
         <run_address>0xeeda</run_address>
         <size>0x11</size>
         <input_file_ref idref="fl-4"/>
      </object_component>
      <object_component id="oc-314">
         <name>.const:.string:f02_99</name>
         <load_address>0xeeec</load_address>
         <run_address>0xeeec</run_address>
         <size>0x11</size>
         <input_file_ref idref="fl-4"/>
      </object_component>
      <object_component id="oc-344">
         <name>.const:.string:f02_115</name>
         <load_address>0xeefe</load_address>
         <run_address>0xeefe</run_address>
         <size>0xf</size>
         <input_file_ref idref="fl-4"/>
      </object_component>
      <object_component id="oc-353">
         <name>.const:.string:f02_120</name>
         <load_address>0xef0e</load_address>
         <run_address>0xef0e</run_address>
         <size>0xf</size>
         <input_file_ref idref="fl-4"/>
      </object_component>
      <object_component id="oc-26c">
         <name>.const:.string:f02_43</name>
         <load_address>0xef1e</load_address>
         <run_address>0xef1e</run_address>
         <size>0xf</size>
         <input_file_ref idref="fl-4"/>
      </object_component>
      <object_component id="oc-278">
         <name>.const:.string:f02_47</name>
         <load_address>0xef2e</load_address>
         <run_address>0xef2e</run_address>
         <size>0xf</size>
         <input_file_ref idref="fl-4"/>
      </object_component>
      <object_component id="oc-281">
         <name>.const:.string:f02_50</name>
         <load_address>0xef3e</load_address>
         <run_address>0xef3e</run_address>
         <size>0xf</size>
         <input_file_ref idref="fl-4"/>
      </object_component>
      <object_component id="oc-2cf">
         <name>.const:.string:f02_76</name>
         <load_address>0xef4e</load_address>
         <run_address>0xef4e</run_address>
         <size>0xf</size>
         <input_file_ref idref="fl-4"/>
      </object_component>
      <object_component id="oc-305">
         <name>.const:.string:f02_94</name>
         <load_address>0xef5e</load_address>
         <run_address>0xef5e</run_address>
         <size>0xf</size>
         <input_file_ref idref="fl-4"/>
      </object_component>
      <object_component id="oc-23f">
         <name>.const:.string:f02_default</name>
         <load_address>0xef6e</load_address>
         <run_address>0xef6e</run_address>
         <size>0xf</size>
         <input_file_ref idref="fl-4"/>
      </object_component>
      <object_component id="oc-31d">
         <name>.const:.string:f02_102</name>
         <load_address>0xef7e</load_address>
         <run_address>0xef7e</run_address>
         <size>0xd</size>
         <input_file_ref idref="fl-4"/>
      </object_component>
      <object_component id="oc-35c">
         <name>.const:.string:f02_123</name>
         <load_address>0xef8c</load_address>
         <run_address>0xef8c</run_address>
         <size>0xd</size>
         <input_file_ref idref="fl-4"/>
      </object_component>
      <object_component id="oc-362">
         <name>.const:.string:f02_125</name>
         <load_address>0xef9a</load_address>
         <run_address>0xef9a</run_address>
         <size>0xd</size>
         <input_file_ref idref="fl-4"/>
      </object_component>
      <object_component id="oc-2ff">
         <name>.const:.string:f02_92</name>
         <load_address>0xefa8</load_address>
         <run_address>0xefa8</run_address>
         <size>0xd</size>
         <input_file_ref idref="fl-4"/>
      </object_component>
      <object_component id="oc-347">
         <name>.const:.string:f02_116</name>
         <load_address>0xefb6</load_address>
         <run_address>0xefb6</run_address>
         <size>0xb</size>
         <input_file_ref idref="fl-4"/>
      </object_component>
      <object_component id="oc-251">
         <name>.const:.string:f02_34</name>
         <load_address>0xefc2</load_address>
         <run_address>0xefc2</run_address>
         <size>0xb</size>
         <input_file_ref idref="fl-4"/>
      </object_component>
      <object_component id="oc-263">
         <name>.const:.string:f02_40</name>
         <load_address>0xefce</load_address>
         <run_address>0xefce</run_address>
         <size>0xb</size>
         <input_file_ref idref="fl-4"/>
      </object_component>
      <object_component id="oc-266">
         <name>.const:.string:f02_41</name>
         <load_address>0xefda</load_address>
         <run_address>0xefda</run_address>
         <size>0xb</size>
         <input_file_ref idref="fl-4"/>
      </object_component>
      <object_component id="oc-27e">
         <name>.const:.string:f02_49</name>
         <load_address>0xefe6</load_address>
         <run_address>0xefe6</run_address>
         <size>0xb</size>
         <input_file_ref idref="fl-4"/>
      </object_component>
      <object_component id="oc-2c9">
         <name>.const:.string:f02_74</name>
         <load_address>0xeff2</load_address>
         <run_address>0xeff2</run_address>
         <size>0xb</size>
         <input_file_ref idref="fl-4"/>
      </object_component>
      <object_component id="oc-2fc">
         <name>.const:.string:f02_91</name>
         <load_address>0xeffe</load_address>
         <run_address>0xeffe</run_address>
         <size>0xb</size>
         <input_file_ref idref="fl-4"/>
      </object_component>
      <object_component id="oc-302">
         <name>.const:.string:f02_93</name>
         <load_address>0xf00a</load_address>
         <run_address>0xf00a</run_address>
         <size>0xb</size>
         <input_file_ref idref="fl-4"/>
      </object_component>
      <object_component id="oc-329">
         <name>.const:.string:f02_106</name>
         <load_address>0xf016</load_address>
         <run_address>0xf016</run_address>
         <size>0x9</size>
         <input_file_ref idref="fl-4"/>
      </object_component>
      <object_component id="oc-26f">
         <name>.const:.string:f02_44</name>
         <load_address>0xf020</load_address>
         <run_address>0xf020</run_address>
         <size>0x9</size>
         <input_file_ref idref="fl-4"/>
      </object_component>
      <object_component id="oc-272">
         <name>.const:.string:f02_45</name>
         <load_address>0xf02a</load_address>
         <run_address>0xf02a</run_address>
         <size>0x9</size>
         <input_file_ref idref="fl-4"/>
      </object_component>
      <object_component id="oc-275">
         <name>.const:.string:f02_46</name>
         <load_address>0xf034</load_address>
         <run_address>0xf034</run_address>
         <size>0x9</size>
         <input_file_ref idref="fl-4"/>
      </object_component>
      <object_component id="oc-30b">
         <name>.const:.string:f02_96</name>
         <load_address>0xf03e</load_address>
         <run_address>0xf03e</run_address>
         <size>0x9</size>
         <input_file_ref idref="fl-4"/>
      </object_component>
      <object_component id="oc-326">
         <name>.const:.string:f02_105</name>
         <load_address>0xf048</load_address>
         <run_address>0xf048</run_address>
         <size>0x7</size>
         <input_file_ref idref="fl-4"/>
      </object_component>
      <object_component id="oc-32f">
         <name>.const:.string:f02_108</name>
         <load_address>0xf050</load_address>
         <run_address>0xf050</run_address>
         <size>0x7</size>
         <input_file_ref idref="fl-4"/>
      </object_component>
      <object_component id="oc-24e">
         <name>.const:.string:f02_33</name>
         <load_address>0xf058</load_address>
         <run_address>0xf058</run_address>
         <size>0x7</size>
         <input_file_ref idref="fl-4"/>
      </object_component>
      <object_component id="oc-299">
         <name>.const:.string:f02_58</name>
         <load_address>0xf060</load_address>
         <run_address>0xf060</run_address>
         <size>0x7</size>
         <input_file_ref idref="fl-4"/>
      </object_component>
      <object_component id="oc-29c">
         <name>.const:.string:f02_59</name>
         <load_address>0xf068</load_address>
         <run_address>0xf068</run_address>
         <size>0x7</size>
         <input_file_ref idref="fl-4"/>
      </object_component>
      <object_component id="oc-2c6">
         <name>.const:.string:f02_73</name>
         <load_address>0xf070</load_address>
         <run_address>0xf070</run_address>
         <size>0x7</size>
         <input_file_ref idref="fl-4"/>
      </object_component>
      <object_component id="oc-35f">
         <name>.const:.string:f02_124</name>
         <load_address>0xf078</load_address>
         <run_address>0xf078</run_address>
         <size>0x5</size>
         <input_file_ref idref="fl-4"/>
      </object_component>
      <object_component id="oc-260">
         <name>.const:.string:f02_39</name>
         <load_address>0xf07e</load_address>
         <run_address>0xf07e</run_address>
         <size>0x5</size>
         <input_file_ref idref="fl-4"/>
      </object_component>
      <object_component id="oc-4d0">
         <name>.binit</name>
         <load_address>0xc000</load_address>
         <run_address>0xc000</run_address>
         <size>0x0</size>
      </object_component>
      <object_component id="oc-40">
         <name>.int00</name>
         <load_address>0xffe0</load_address>
         <run_address>0xffe0</run_address>
         <size>0x2</size>
         <input_file_ref idref="fl-21"/>
      </object_component>
      <object_component id="oc-41">
         <name>.int02</name>
         <load_address>0xffe4</load_address>
         <run_address>0xffe4</run_address>
         <size>0x2</size>
         <input_file_ref idref="fl-22"/>
      </object_component>
      <object_component id="oc-42">
         <name>.int03</name>
         <load_address>0xffe6</load_address>
         <run_address>0xffe6</run_address>
         <size>0x2</size>
         <input_file_ref idref="fl-23"/>
      </object_component>
      <object_component id="oc-43">
         <name>.int05</name>
         <load_address>0xffea</load_address>
         <run_address>0xffea</run_address>
         <size>0x2</size>
         <input_file_ref idref="fl-24"/>
      </object_component>
      <object_component id="oc-44">
         <name>.int06</name>
         <load_address>0xffec</load_address>
         <run_address>0xffec</run_address>
         <size>0x2</size>
         <input_file_ref idref="fl-25"/>
      </object_component>
      <object_component id="oc-45">
         <name>.int07</name>
         <load_address>0xffee</load_address>
         <run_address>0xffee</run_address>
         <size>0x2</size>
         <input_file_ref idref="fl-26"/>
      </object_component>
      <object_component id="oc-46">
         <name>.int08</name>
         <load_address>0xfff0</load_address>
         <run_address>0xfff0</run_address>
         <size>0x2</size>
         <input_file_ref idref="fl-27"/>
      </object_component>
      <object_component id="oc-47">
         <name>.int09</name>
         <load_address>0xfff2</load_address>
         <run_address>0xfff2</run_address>
         <size>0x2</size>
         <input_file_ref idref="fl-28"/>
      </object_component>
      <object_component id="oc-48">
         <name>.int10</name>
         <load_address>0xfff4</load_address>
         <run_address>0xfff4</run_address>
         <size>0x2</size>
         <input_file_ref idref="fl-4"/>
      </object_component>
      <object_component id="oc-49">
         <name>.int11</name>
         <load_address>0xfff6</load_address>
         <run_address>0xfff6</run_address>
         <size>0x2</size>
         <input_file_ref idref="fl-29"/>
      </object_component>
      <object_component id="oc-4a">
         <name>.int12</name>
         <load_address>0xfff8</load_address>
         <run_address>0xfff8</run_address>
         <size>0x2</size>
         <input_file_ref idref="fl-2a"/>
      </object_component>
      <object_component id="oc-4b">
         <name>.int13</name>
         <load_address>0xfffa</load_address>
         <run_address>0xfffa</run_address>
         <size>0x2</size>
         <input_file_ref idref="fl-2b"/>
      </object_component>
      <object_component id="oc-4c">
         <name>.int14</name>
         <load_address>0xfffc</load_address>
         <run_address>0xfffc</run_address>
         <size>0x2</size>
         <input_file_ref idref="fl-2c"/>
      </object_component>
      <object_component id="oc-b4">
         <name>.reset</name>
         <load_address>0xfffe</load_address>
         <run_address>0xfffe</run_address>
         <size>0x2</size>
         <input_file_ref idref="fl-2f"/>
      </object_component>
      <object_component id="oc-238">
         <name>.debug_info</name>
         <load_address>0x0</load_address>
         <run_address>0x0</run_address>
         <size>0x21a</size>
         <input_file_ref idref="fl-2"/>
      </object_component>
      <object_component id="oc-220">
         <name>.debug_info</name>
         <load_address>0x21a</load_address>
         <run_address>0x21a</run_address>
         <size>0xe9</size>
         <input_file_ref idref="fl-2"/>
      </object_component>
      <object_component id="oc-188">
         <name>.debug_info</name>
         <load_address>0x303</load_address>
         <run_address>0x303</run_address>
         <size>0x11d</size>
         <input_file_ref idref="fl-2"/>
      </object_component>
      <object_component id="oc-208">
         <name>.debug_info</name>
         <load_address>0x420</load_address>
         <run_address>0x420</run_address>
         <size>0x113</size>
         <input_file_ref idref="fl-2"/>
      </object_component>
      <object_component id="oc-18e">
         <name>.debug_info</name>
         <load_address>0x533</load_address>
         <run_address>0x533</run_address>
         <size>0x25b</size>
         <input_file_ref idref="fl-2"/>
      </object_component>
      <object_component id="oc-1b0">
         <name>.debug_info</name>
         <load_address>0x78e</load_address>
         <run_address>0x78e</run_address>
         <size>0x275</size>
         <input_file_ref idref="fl-2"/>
      </object_component>
      <object_component id="oc-1b9">
         <name>.debug_info</name>
         <load_address>0xa03</load_address>
         <run_address>0xa03</run_address>
         <size>0x193</size>
         <input_file_ref idref="fl-2"/>
      </object_component>
      <object_component id="oc-194">
         <name>.debug_info</name>
         <load_address>0xb96</load_address>
         <run_address>0xb96</run_address>
         <size>0x1c4</size>
         <input_file_ref idref="fl-2"/>
      </object_component>
      <object_component id="oc-230">
         <name>.debug_info</name>
         <load_address>0xd5a</load_address>
         <run_address>0xd5a</run_address>
         <size>0x1b5</size>
         <input_file_ref idref="fl-2"/>
      </object_component>
      <object_component id="oc-22a">
         <name>.debug_info</name>
         <load_address>0xf0f</load_address>
         <run_address>0xf0f</run_address>
         <size>0x25c</size>
         <input_file_ref idref="fl-2"/>
      </object_component>
      <object_component id="oc-19a">
         <name>.debug_info</name>
         <load_address>0x116b</load_address>
         <run_address>0x116b</run_address>
         <size>0x17c</size>
         <input_file_ref idref="fl-2"/>
      </object_component>
      <object_component id="oc-223">
         <name>.debug_info</name>
         <load_address>0x12e7</load_address>
         <run_address>0x12e7</run_address>
         <size>0x17a</size>
         <input_file_ref idref="fl-2"/>
      </object_component>
      <object_component id="oc-20e">
         <name>.debug_info</name>
         <load_address>0x1461</load_address>
         <run_address>0x1461</run_address>
         <size>0x11c</size>
         <input_file_ref idref="fl-2"/>
      </object_component>
      <object_component id="oc-214">
         <name>.debug_info</name>
         <load_address>0x157d</load_address>
         <run_address>0x157d</run_address>
         <size>0x153</size>
         <input_file_ref idref="fl-2"/>
      </object_component>
      <object_component id="oc-21a">
         <name>.debug_info</name>
         <load_address>0x16d0</load_address>
         <run_address>0x16d0</run_address>
         <size>0x151</size>
         <input_file_ref idref="fl-2"/>
      </object_component>
      <object_component id="oc-3ad">
         <name>.debug_info</name>
         <load_address>0x1821</load_address>
         <run_address>0x1821</run_address>
         <size>0x15f</size>
         <input_file_ref idref="fl-2"/>
      </object_component>
      <object_component id="oc-ca">
         <name>.debug_info</name>
         <load_address>0x1980</load_address>
         <run_address>0x1980</run_address>
         <size>0x84</size>
         <input_file_ref idref="fl-2"/>
      </object_component>
      <object_component id="oc-23a">
         <name>.debug_info</name>
         <load_address>0x1a04</load_address>
         <run_address>0x1a04</run_address>
         <size>0x236</size>
         <input_file_ref idref="fl-3"/>
      </object_component>
      <object_component id="oc-1a0">
         <name>.debug_info</name>
         <load_address>0x1c3a</load_address>
         <run_address>0x1c3a</run_address>
         <size>0x121</size>
         <input_file_ref idref="fl-3"/>
      </object_component>
      <object_component id="oc-48c">
         <name>.debug_info</name>
         <load_address>0x1d5b</load_address>
         <run_address>0x1d5b</run_address>
         <size>0x168</size>
         <input_file_ref idref="fl-3"/>
      </object_component>
      <object_component id="oc-36b">
         <name>.debug_info</name>
         <load_address>0x1ec3</load_address>
         <run_address>0x1ec3</run_address>
         <size>0x28c</size>
         <input_file_ref idref="fl-3"/>
      </object_component>
      <object_component id="oc-1aa">
         <name>.debug_info</name>
         <load_address>0x214f</load_address>
         <run_address>0x214f</run_address>
         <size>0x18d</size>
         <input_file_ref idref="fl-3"/>
      </object_component>
      <object_component id="oc-17b">
         <name>.debug_info</name>
         <load_address>0x22dc</load_address>
         <run_address>0x22dc</run_address>
         <size>0x5d2</size>
         <input_file_ref idref="fl-4"/>
      </object_component>
      <object_component id="oc-240">
         <name>.debug_info</name>
         <load_address>0x28ae</load_address>
         <run_address>0x28ae</run_address>
         <size>0xd8</size>
         <input_file_ref idref="fl-4"/>
      </object_component>
      <object_component id="oc-243">
         <name>.debug_info</name>
         <load_address>0x2986</load_address>
         <run_address>0x2986</run_address>
         <size>0xce</size>
         <input_file_ref idref="fl-4"/>
      </object_component>
      <object_component id="oc-246">
         <name>.debug_info</name>
         <load_address>0x2a54</load_address>
         <run_address>0x2a54</run_address>
         <size>0xce</size>
         <input_file_ref idref="fl-4"/>
      </object_component>
      <object_component id="oc-249">
         <name>.debug_info</name>
         <load_address>0x2b22</load_address>
         <run_address>0x2b22</run_address>
         <size>0xce</size>
         <input_file_ref idref="fl-4"/>
      </object_component>
      <object_component id="oc-24c">
         <name>.debug_info</name>
         <load_address>0x2bf0</load_address>
         <run_address>0x2bf0</run_address>
         <size>0xce</size>
         <input_file_ref idref="fl-4"/>
      </object_component>
      <object_component id="oc-24f">
         <name>.debug_info</name>
         <load_address>0x2cbe</load_address>
         <run_address>0x2cbe</run_address>
         <size>0xce</size>
         <input_file_ref idref="fl-4"/>
      </object_component>
      <object_component id="oc-252">
         <name>.debug_info</name>
         <load_address>0x2d8c</load_address>
         <run_address>0x2d8c</run_address>
         <size>0xce</size>
         <input_file_ref idref="fl-4"/>
      </object_component>
      <object_component id="oc-255">
         <name>.debug_info</name>
         <load_address>0x2e5a</load_address>
         <run_address>0x2e5a</run_address>
         <size>0xce</size>
         <input_file_ref idref="fl-4"/>
      </object_component>
      <object_component id="oc-258">
         <name>.debug_info</name>
         <load_address>0x2f28</load_address>
         <run_address>0x2f28</run_address>
         <size>0xce</size>
         <input_file_ref idref="fl-4"/>
      </object_component>
      <object_component id="oc-25b">
         <name>.debug_info</name>
         <load_address>0x2ff6</load_address>
         <run_address>0x2ff6</run_address>
         <size>0xce</size>
         <input_file_ref idref="fl-4"/>
      </object_component>
      <object_component id="oc-25e">
         <name>.debug_info</name>
         <load_address>0x30c4</load_address>
         <run_address>0x30c4</run_address>
         <size>0xce</size>
         <input_file_ref idref="fl-4"/>
      </object_component>
      <object_component id="oc-261">
         <name>.debug_info</name>
         <load_address>0x3192</load_address>
         <run_address>0x3192</run_address>
         <size>0xce</size>
         <input_file_ref idref="fl-4"/>
      </object_component>
      <object_component id="oc-264">
         <name>.debug_info</name>
         <load_address>0x3260</load_address>
         <run_address>0x3260</run_address>
         <size>0xce</size>
         <input_file_ref idref="fl-4"/>
      </object_component>
      <object_component id="oc-267">
         <name>.debug_info</name>
         <load_address>0x332e</load_address>
         <run_address>0x332e</run_address>
         <size>0xce</size>
         <input_file_ref idref="fl-4"/>
      </object_component>
      <object_component id="oc-26a">
         <name>.debug_info</name>
         <load_address>0x33fc</load_address>
         <run_address>0x33fc</run_address>
         <size>0xce</size>
         <input_file_ref idref="fl-4"/>
      </object_component>
      <object_component id="oc-26d">
         <name>.debug_info</name>
         <load_address>0x34ca</load_address>
         <run_address>0x34ca</run_address>
         <size>0xce</size>
         <input_file_ref idref="fl-4"/>
      </object_component>
      <object_component id="oc-270">
         <name>.debug_info</name>
         <load_address>0x3598</load_address>
         <run_address>0x3598</run_address>
         <size>0xce</size>
         <input_file_ref idref="fl-4"/>
      </object_component>
      <object_component id="oc-273">
         <name>.debug_info</name>
         <load_address>0x3666</load_address>
         <run_address>0x3666</run_address>
         <size>0xce</size>
         <input_file_ref idref="fl-4"/>
      </object_component>
      <object_component id="oc-276">
         <name>.debug_info</name>
         <load_address>0x3734</load_address>
         <run_address>0x3734</run_address>
         <size>0xce</size>
         <input_file_ref idref="fl-4"/>
      </object_component>
      <object_component id="oc-279">
         <name>.debug_info</name>
         <load_address>0x3802</load_address>
         <run_address>0x3802</run_address>
         <size>0xce</size>
         <input_file_ref idref="fl-4"/>
      </object_component>
      <object_component id="oc-27c">
         <name>.debug_info</name>
         <load_address>0x38d0</load_address>
         <run_address>0x38d0</run_address>
         <size>0xce</size>
         <input_file_ref idref="fl-4"/>
      </object_component>
      <object_component id="oc-27f">
         <name>.debug_info</name>
         <load_address>0x399e</load_address>
         <run_address>0x399e</run_address>
         <size>0xce</size>
         <input_file_ref idref="fl-4"/>
      </object_component>
      <object_component id="oc-282">
         <name>.debug_info</name>
         <load_address>0x3a6c</load_address>
         <run_address>0x3a6c</run_address>
         <size>0xce</size>
         <input_file_ref idref="fl-4"/>
      </object_component>
      <object_component id="oc-285">
         <name>.debug_info</name>
         <load_address>0x3b3a</load_address>
         <run_address>0x3b3a</run_address>
         <size>0xce</size>
         <input_file_ref idref="fl-4"/>
      </object_component>
      <object_component id="oc-288">
         <name>.debug_info</name>
         <load_address>0x3c08</load_address>
         <run_address>0x3c08</run_address>
         <size>0xce</size>
         <input_file_ref idref="fl-4"/>
      </object_component>
      <object_component id="oc-28b">
         <name>.debug_info</name>
         <load_address>0x3cd6</load_address>
         <run_address>0x3cd6</run_address>
         <size>0xce</size>
         <input_file_ref idref="fl-4"/>
      </object_component>
      <object_component id="oc-28e">
         <name>.debug_info</name>
         <load_address>0x3da4</load_address>
         <run_address>0x3da4</run_address>
         <size>0xce</size>
         <input_file_ref idref="fl-4"/>
      </object_component>
      <object_component id="oc-291">
         <name>.debug_info</name>
         <load_address>0x3e72</load_address>
         <run_address>0x3e72</run_address>
         <size>0xce</size>
         <input_file_ref idref="fl-4"/>
      </object_component>
      <object_component id="oc-294">
         <name>.debug_info</name>
         <load_address>0x3f40</load_address>
         <run_address>0x3f40</run_address>
         <size>0xce</size>
         <input_file_ref idref="fl-4"/>
      </object_component>
      <object_component id="oc-297">
         <name>.debug_info</name>
         <load_address>0x400e</load_address>
         <run_address>0x400e</run_address>
         <size>0xce</size>
         <input_file_ref idref="fl-4"/>
      </object_component>
      <object_component id="oc-29a">
         <name>.debug_info</name>
         <load_address>0x40dc</load_address>
         <run_address>0x40dc</run_address>
         <size>0xce</size>
         <input_file_ref idref="fl-4"/>
      </object_component>
      <object_component id="oc-29d">
         <name>.debug_info</name>
         <load_address>0x41aa</load_address>
         <run_address>0x41aa</run_address>
         <size>0xce</size>
         <input_file_ref idref="fl-4"/>
      </object_component>
      <object_component id="oc-2a0">
         <name>.debug_info</name>
         <load_address>0x4278</load_address>
         <run_address>0x4278</run_address>
         <size>0xce</size>
         <input_file_ref idref="fl-4"/>
      </object_component>
      <object_component id="oc-2a3">
         <name>.debug_info</name>
         <load_address>0x4346</load_address>
         <run_address>0x4346</run_address>
         <size>0xce</size>
         <input_file_ref idref="fl-4"/>
      </object_component>
      <object_component id="oc-2a6">
         <name>.debug_info</name>
         <load_address>0x4414</load_address>
         <run_address>0x4414</run_address>
         <size>0xce</size>
         <input_file_ref idref="fl-4"/>
      </object_component>
      <object_component id="oc-2a9">
         <name>.debug_info</name>
         <load_address>0x44e2</load_address>
         <run_address>0x44e2</run_address>
         <size>0xce</size>
         <input_file_ref idref="fl-4"/>
      </object_component>
      <object_component id="oc-2ac">
         <name>.debug_info</name>
         <load_address>0x45b0</load_address>
         <run_address>0x45b0</run_address>
         <size>0xce</size>
         <input_file_ref idref="fl-4"/>
      </object_component>
      <object_component id="oc-2af">
         <name>.debug_info</name>
         <load_address>0x467e</load_address>
         <run_address>0x467e</run_address>
         <size>0xce</size>
         <input_file_ref idref="fl-4"/>
      </object_component>
      <object_component id="oc-2b2">
         <name>.debug_info</name>
         <load_address>0x474c</load_address>
         <run_address>0x474c</run_address>
         <size>0xce</size>
         <input_file_ref idref="fl-4"/>
      </object_component>
      <object_component id="oc-2b5">
         <name>.debug_info</name>
         <load_address>0x481a</load_address>
         <run_address>0x481a</run_address>
         <size>0xce</size>
         <input_file_ref idref="fl-4"/>
      </object_component>
      <object_component id="oc-2b8">
         <name>.debug_info</name>
         <load_address>0x48e8</load_address>
         <run_address>0x48e8</run_address>
         <size>0xce</size>
         <input_file_ref idref="fl-4"/>
      </object_component>
      <object_component id="oc-2bb">
         <name>.debug_info</name>
         <load_address>0x49b6</load_address>
         <run_address>0x49b6</run_address>
         <size>0xce</size>
         <input_file_ref idref="fl-4"/>
      </object_component>
      <object_component id="oc-2be">
         <name>.debug_info</name>
         <load_address>0x4a84</load_address>
         <run_address>0x4a84</run_address>
         <size>0xce</size>
         <input_file_ref idref="fl-4"/>
      </object_component>
      <object_component id="oc-2c1">
         <name>.debug_info</name>
         <load_address>0x4b52</load_address>
         <run_address>0x4b52</run_address>
         <size>0xce</size>
         <input_file_ref idref="fl-4"/>
      </object_component>
      <object_component id="oc-2c4">
         <name>.debug_info</name>
         <load_address>0x4c20</load_address>
         <run_address>0x4c20</run_address>
         <size>0xce</size>
         <input_file_ref idref="fl-4"/>
      </object_component>
      <object_component id="oc-2c7">
         <name>.debug_info</name>
         <load_address>0x4cee</load_address>
         <run_address>0x4cee</run_address>
         <size>0xce</size>
         <input_file_ref idref="fl-4"/>
      </object_component>
      <object_component id="oc-2ca">
         <name>.debug_info</name>
         <load_address>0x4dbc</load_address>
         <run_address>0x4dbc</run_address>
         <size>0xce</size>
         <input_file_ref idref="fl-4"/>
      </object_component>
      <object_component id="oc-2cd">
         <name>.debug_info</name>
         <load_address>0x4e8a</load_address>
         <run_address>0x4e8a</run_address>
         <size>0xce</size>
         <input_file_ref idref="fl-4"/>
      </object_component>
      <object_component id="oc-2d0">
         <name>.debug_info</name>
         <load_address>0x4f58</load_address>
         <run_address>0x4f58</run_address>
         <size>0xce</size>
         <input_file_ref idref="fl-4"/>
      </object_component>
      <object_component id="oc-2d3">
         <name>.debug_info</name>
         <load_address>0x5026</load_address>
         <run_address>0x5026</run_address>
         <size>0xce</size>
         <input_file_ref idref="fl-4"/>
      </object_component>
      <object_component id="oc-2d6">
         <name>.debug_info</name>
         <load_address>0x50f4</load_address>
         <run_address>0x50f4</run_address>
         <size>0xce</size>
         <input_file_ref idref="fl-4"/>
      </object_component>
      <object_component id="oc-2d9">
         <name>.debug_info</name>
         <load_address>0x51c2</load_address>
         <run_address>0x51c2</run_address>
         <size>0xce</size>
         <input_file_ref idref="fl-4"/>
      </object_component>
      <object_component id="oc-2dc">
         <name>.debug_info</name>
         <load_address>0x5290</load_address>
         <run_address>0x5290</run_address>
         <size>0xce</size>
         <input_file_ref idref="fl-4"/>
      </object_component>
      <object_component id="oc-2df">
         <name>.debug_info</name>
         <load_address>0x535e</load_address>
         <run_address>0x535e</run_address>
         <size>0xce</size>
         <input_file_ref idref="fl-4"/>
      </object_component>
      <object_component id="oc-2e2">
         <name>.debug_info</name>
         <load_address>0x542c</load_address>
         <run_address>0x542c</run_address>
         <size>0xce</size>
         <input_file_ref idref="fl-4"/>
      </object_component>
      <object_component id="oc-2e5">
         <name>.debug_info</name>
         <load_address>0x54fa</load_address>
         <run_address>0x54fa</run_address>
         <size>0xce</size>
         <input_file_ref idref="fl-4"/>
      </object_component>
      <object_component id="oc-2e8">
         <name>.debug_info</name>
         <load_address>0x55c8</load_address>
         <run_address>0x55c8</run_address>
         <size>0xce</size>
         <input_file_ref idref="fl-4"/>
      </object_component>
      <object_component id="oc-2eb">
         <name>.debug_info</name>
         <load_address>0x5696</load_address>
         <run_address>0x5696</run_address>
         <size>0xce</size>
         <input_file_ref idref="fl-4"/>
      </object_component>
      <object_component id="oc-2ee">
         <name>.debug_info</name>
         <load_address>0x5764</load_address>
         <run_address>0x5764</run_address>
         <size>0xce</size>
         <input_file_ref idref="fl-4"/>
      </object_component>
      <object_component id="oc-2f1">
         <name>.debug_info</name>
         <load_address>0x5832</load_address>
         <run_address>0x5832</run_address>
         <size>0xce</size>
         <input_file_ref idref="fl-4"/>
      </object_component>
      <object_component id="oc-2f4">
         <name>.debug_info</name>
         <load_address>0x5900</load_address>
         <run_address>0x5900</run_address>
         <size>0xce</size>
         <input_file_ref idref="fl-4"/>
      </object_component>
      <object_component id="oc-2f7">
         <name>.debug_info</name>
         <load_address>0x59ce</load_address>
         <run_address>0x59ce</run_address>
         <size>0xce</size>
         <input_file_ref idref="fl-4"/>
      </object_component>
      <object_component id="oc-2fa">
         <name>.debug_info</name>
         <load_address>0x5a9c</load_address>
         <run_address>0x5a9c</run_address>
         <size>0xce</size>
         <input_file_ref idref="fl-4"/>
      </object_component>
      <object_component id="oc-2fd">
         <name>.debug_info</name>
         <load_address>0x5b6a</load_address>
         <run_address>0x5b6a</run_address>
         <size>0xce</size>
         <input_file_ref idref="fl-4"/>
      </object_component>
      <object_component id="oc-300">
         <name>.debug_info</name>
         <load_address>0x5c38</load_address>
         <run_address>0x5c38</run_address>
         <size>0xce</size>
         <input_file_ref idref="fl-4"/>
      </object_component>
      <object_component id="oc-303">
         <name>.debug_info</name>
         <load_address>0x5d06</load_address>
         <run_address>0x5d06</run_address>
         <size>0xce</size>
         <input_file_ref idref="fl-4"/>
      </object_component>
      <object_component id="oc-306">
         <name>.debug_info</name>
         <load_address>0x5dd4</load_address>
         <run_address>0x5dd4</run_address>
         <size>0xce</size>
         <input_file_ref idref="fl-4"/>
      </object_component>
      <object_component id="oc-309">
         <name>.debug_info</name>
         <load_address>0x5ea2</load_address>
         <run_address>0x5ea2</run_address>
         <size>0xce</size>
         <input_file_ref idref="fl-4"/>
      </object_component>
      <object_component id="oc-30c">
         <name>.debug_info</name>
         <load_address>0x5f70</load_address>
         <run_address>0x5f70</run_address>
         <size>0xce</size>
         <input_file_ref idref="fl-4"/>
      </object_component>
      <object_component id="oc-30f">
         <name>.debug_info</name>
         <load_address>0x603e</load_address>
         <run_address>0x603e</run_address>
         <size>0xce</size>
         <input_file_ref idref="fl-4"/>
      </object_component>
      <object_component id="oc-312">
         <name>.debug_info</name>
         <load_address>0x610c</load_address>
         <run_address>0x610c</run_address>
         <size>0xce</size>
         <input_file_ref idref="fl-4"/>
      </object_component>
      <object_component id="oc-315">
         <name>.debug_info</name>
         <load_address>0x61da</load_address>
         <run_address>0x61da</run_address>
         <size>0xce</size>
         <input_file_ref idref="fl-4"/>
      </object_component>
      <object_component id="oc-318">
         <name>.debug_info</name>
         <load_address>0x62a8</load_address>
         <run_address>0x62a8</run_address>
         <size>0xd0</size>
         <input_file_ref idref="fl-4"/>
      </object_component>
      <object_component id="oc-31b">
         <name>.debug_info</name>
         <load_address>0x6378</load_address>
         <run_address>0x6378</run_address>
         <size>0xd0</size>
         <input_file_ref idref="fl-4"/>
      </object_component>
      <object_component id="oc-31e">
         <name>.debug_info</name>
         <load_address>0x6448</load_address>
         <run_address>0x6448</run_address>
         <size>0xd0</size>
         <input_file_ref idref="fl-4"/>
      </object_component>
      <object_component id="oc-321">
         <name>.debug_info</name>
         <load_address>0x6518</load_address>
         <run_address>0x6518</run_address>
         <size>0xd0</size>
         <input_file_ref idref="fl-4"/>
      </object_component>
      <object_component id="oc-324">
         <name>.debug_info</name>
         <load_address>0x65e8</load_address>
         <run_address>0x65e8</run_address>
         <size>0xd0</size>
         <input_file_ref idref="fl-4"/>
      </object_component>
      <object_component id="oc-327">
         <name>.debug_info</name>
         <load_address>0x66b8</load_address>
         <run_address>0x66b8</run_address>
         <size>0xd0</size>
         <input_file_ref idref="fl-4"/>
      </object_component>
      <object_component id="oc-32a">
         <name>.debug_info</name>
         <load_address>0x6788</load_address>
         <run_address>0x6788</run_address>
         <size>0xd0</size>
         <input_file_ref idref="fl-4"/>
      </object_component>
      <object_component id="oc-32d">
         <name>.debug_info</name>
         <load_address>0x6858</load_address>
         <run_address>0x6858</run_address>
         <size>0xd0</size>
         <input_file_ref idref="fl-4"/>
      </object_component>
      <object_component id="oc-330">
         <name>.debug_info</name>
         <load_address>0x6928</load_address>
         <run_address>0x6928</run_address>
         <size>0xd0</size>
         <input_file_ref idref="fl-4"/>
      </object_component>
      <object_component id="oc-333">
         <name>.debug_info</name>
         <load_address>0x69f8</load_address>
         <run_address>0x69f8</run_address>
         <size>0xd0</size>
         <input_file_ref idref="fl-4"/>
      </object_component>
      <object_component id="oc-336">
         <name>.debug_info</name>
         <load_address>0x6ac8</load_address>
         <run_address>0x6ac8</run_address>
         <size>0xd0</size>
         <input_file_ref idref="fl-4"/>
      </object_component>
      <object_component id="oc-339">
         <name>.debug_info</name>
         <load_address>0x6b98</load_address>
         <run_address>0x6b98</run_address>
         <size>0xd0</size>
         <input_file_ref idref="fl-4"/>
      </object_component>
      <object_component id="oc-33c">
         <name>.debug_info</name>
         <load_address>0x6c68</load_address>
         <run_address>0x6c68</run_address>
         <size>0xd0</size>
         <input_file_ref idref="fl-4"/>
      </object_component>
      <object_component id="oc-33f">
         <name>.debug_info</name>
         <load_address>0x6d38</load_address>
         <run_address>0x6d38</run_address>
         <size>0xd0</size>
         <input_file_ref idref="fl-4"/>
      </object_component>
      <object_component id="oc-342">
         <name>.debug_info</name>
         <load_address>0x6e08</load_address>
         <run_address>0x6e08</run_address>
         <size>0xd0</size>
         <input_file_ref idref="fl-4"/>
      </object_component>
      <object_component id="oc-345">
         <name>.debug_info</name>
         <load_address>0x6ed8</load_address>
         <run_address>0x6ed8</run_address>
         <size>0xd0</size>
         <input_file_ref idref="fl-4"/>
      </object_component>
      <object_component id="oc-348">
         <name>.debug_info</name>
         <load_address>0x6fa8</load_address>
         <run_address>0x6fa8</run_address>
         <size>0xd0</size>
         <input_file_ref idref="fl-4"/>
      </object_component>
      <object_component id="oc-34b">
         <name>.debug_info</name>
         <load_address>0x7078</load_address>
         <run_address>0x7078</run_address>
         <size>0xd0</size>
         <input_file_ref idref="fl-4"/>
      </object_component>
      <object_component id="oc-34e">
         <name>.debug_info</name>
         <load_address>0x7148</load_address>
         <run_address>0x7148</run_address>
         <size>0xd0</size>
         <input_file_ref idref="fl-4"/>
      </object_component>
      <object_component id="oc-351">
         <name>.debug_info</name>
         <load_address>0x7218</load_address>
         <run_address>0x7218</run_address>
         <size>0xd0</size>
[...]
      </symbol>
      <symbol id="sm-3ac">
         <name>f02_76</name>
         <value>0xef4e</value>
         <object_component_ref idref="oc-2cf"/>
      </symbol>
      <symbol id="sm-3ad">
         <name>f02_77</name>
         <value>0xea2e</value>
         <object_component_ref idref="oc-2d2"/>
      </symbol>
      <symbol id="sm-3ae">
         <name>f02_70</name>
         <value>0xeea4</value>
         <object_component_ref idref="oc-2bd"/>
      </symbol>
      <symbol id="sm-3af">
         <name>f02_71</name>
         <value>0xeaac</value>
         <object_component_ref idref="oc-2c0"/>
      </symbol>
      <symbol id="sm-3b0">
         <name>f02_72</name>
         <value>0xeb64</value>
         <object_component_ref idref="oc-2c3"/>
      </symbol>
      <symbol id="sm-3b1">
         <name>f02_73</name>
         <value>0xf070</value>
         <object_component_ref idref="oc-2c6"/>
      </symbol>
      <symbol id="sm-3b2">
         <name>f02_68</name>
         <value>0xeb4e</value>
         <object_component_ref idref="oc-2b7"/>
      </symbol>
      <symbol id="sm-3b3">
         <name>f02_69</name>
         <value>0xee92</value>
         <object_component_ref idref="oc-2ba"/>
      </symbol>
      <symbol id="sm-3b4">
         <name>f02_64</name>
         <value>0xea14</value>
         <object_component_ref idref="oc-2ab"/>
      </symbol>
      <symbol id="sm-3b5">
         <name>f02_65</name>
         <value>0xec38</value>
         <object_component_ref idref="oc-2ae"/>
      </symbol>
      <symbol id="sm-3b6">
         <name>f02_66</name>
         <value>0xeb22</value>
         <object_component_ref idref="oc-2b1"/>
      </symbol>
      <symbol id="sm-3b7">
         <name>f02_67</name>
         <value>0xeb38</value>
         <object_component_ref idref="oc-2b4"/>
      </symbol>
      <symbol id="sm-3b8">
         <name>f02_60</name>
         <value>0xee5c</value>
         <object_component_ref idref="oc-29f"/>
      </symbol>
      <symbol id="sm-3b9">
         <name>f02_61</name>
         <value>0xee6e</value>
         <object_component_ref idref="oc-2a2"/>
      </symbol>
      <symbol id="sm-3ba">
         <name>f02_62</name>
         <value>0xee80</value>
         <object_component_ref idref="oc-2a5"/>
      </symbol>
      <symbol id="sm-3bb">
         <name>f02_63</name>
         <value>0xec24</value>
         <object_component_ref idref="oc-2a8"/>
      </symbol>
      <symbol id="sm-3bc">
         <name>__TI_int10</name>
         <value>0xfff4</value>
         <object_component_ref idref="oc-48"/>
      </symbol>
      <symbol id="sm-3bd">
         <name>f02_108</name>
         <value>0xf050</value>
         <object_component_ref idref="oc-32f"/>
      </symbol>
      <symbol id="sm-3be">
         <name>f02_109</name>
         <value>0xe9f8</value>
         <object_component_ref idref="oc-332"/>
      </symbol>
      <symbol id="sm-3bf">
         <name>f02_104</name>
         <value>0xecbe</value>
         <object_component_ref idref="oc-323"/>
      </symbol>
      <symbol id="sm-3c0">
         <name>f02_105</name>
         <value>0xf048</value>
         <object_component_ref idref="oc-326"/>
      </symbol>
      <symbol id="sm-3c1">
         <name>f02_106</name>
         <value>0xf016</value>
         <object_component_ref idref="oc-329"/>
      </symbol>
      <symbol id="sm-3c2">
         <name>f02_107</name>
         <value>0xecd0</value>
         <object_component_ref idref="oc-32c"/>
      </symbol>
      <symbol id="sm-3c3">
         <name>f02_100</name>
         <value>0xec88</value>
         <object_component_ref idref="oc-317"/>
      </symbol>
      <symbol id="sm-3c4">
         <name>f02_101</name>
         <value>0xec9a</value>
         <object_component_ref idref="oc-31a"/>
      </symbol>
      <symbol id="sm-3c5">
         <name>f02_102</name>
         <value>0xef7e</value>
         <object_component_ref idref="oc-31d"/>
      </symbol>
      <symbol id="sm-3c6">
         <name>f02_103</name>
         <value>0xecac</value>
         <object_component_ref idref="oc-320"/>
      </symbol>
      <symbol id="sm-3c7">
         <name>f02_118</name>
         <value>0xed3c</value>
         <object_component_ref idref="oc-34d"/>
      </symbol>
      <symbol id="sm-3c8">
         <name>f02_119</name>
         <value>0xea7c</value>
         <object_component_ref idref="oc-350"/>
      </symbol>
      <symbol id="sm-3c9">
         <name>f02_114</name>
         <value>0xed18</value>
         <object_component_ref idref="oc-341"/>
      </symbol>
      <symbol id="sm-3ca">
         <name>f02_115</name>
         <value>0xeefe</value>
         <object_component_ref idref="oc-344"/>
      </symbol>
      <symbol id="sm-3cb">
         <name>f02_116</name>
         <value>0xefb6</value>
         <object_component_ref idref="oc-347"/>
      </symbol>
      <symbol id="sm-3cc">
         <name>f02_117</name>
         <value>0xed2a</value>
         <object_component_ref idref="oc-34a"/>
      </symbol>
      <symbol id="sm-3cd">
         <name>f02_110</name>
         <value>0xece2</value>
         <object_component_ref idref="oc-335"/>
      </symbol>
      <symbol id="sm-3ce">
         <name>f02_111</name>
         <value>0xebe8</value>
         <object_component_ref idref="oc-338"/>
      </symbol>
      <symbol id="sm-3cf">
         <name>f02_112</name>
         <value>0xecf4</value>
         <object_component_ref idref="oc-33b"/>
      </symbol>
      <symbol id="sm-3d0">
         <name>f02_113</name>
         <value>0xed06</value>
         <object_component_ref idref="oc-33e"/>
      </symbol>
      <symbol id="sm-3d1">
         <name>f02_124</name>
         <value>0xf078</value>
         <object_component_ref idref="oc-35f"/>
      </symbol>
      <symbol id="sm-3d2">
         <name>f02_125</name>
         <value>0xef9a</value>
         <object_component_ref idref="oc-362"/>
      </symbol>
      <symbol id="sm-3d3">
         <name>f02_126</name>
         <value>0xebfc</value>
         <object_component_ref idref="oc-365"/>
      </symbol>
      <symbol id="sm-3d4">
         <name>f02_120</name>
         <value>0xef0e</value>
         <object_component_ref idref="oc-353"/>
      </symbol>
      <symbol id="sm-3d5">
         <name>f02_121</name>
         <value>0xed4e</value>
         <object_component_ref idref="oc-356"/>
      </symbol>
      <symbol id="sm-3d6">
         <name>f02_122</name>
         <value>0xed60</value>
         <object_component_ref idref="oc-359"/>
      </symbol>
      <symbol id="sm-3d7">
         <name>f02_123</name>
         <value>0xef8c</value>
         <object_component_ref idref="oc-35c"/>
      </symbol>
      <symbol id="sm-3d8">
         <name>watchdog_timer</name>
         <value>0xf87a</value>
         <object_component_ref idref="oc-e1"/>
      </symbol>
      <symbol id="sm-3d9">
         <name>main</name>
         <value>0xf084</value>
         <object_component_ref idref="oc-152"/>
      </symbol>
      <symbol id="sm-3da">
         <name>f02_98</name>
         <value>0xeeda</value>
         <object_component_ref idref="oc-311"/>
      </symbol>
      <symbol id="sm-3db">
         <name>f02_99</name>
         <value>0xeeec</value>
         <object_component_ref idref="oc-314"/>
      </symbol>
      <symbol id="sm-3dc">
         <name>f02_94</name>
         <value>0xef5e</value>
         <object_component_ref idref="oc-305"/>
      </symbol>
      <symbol id="sm-3dd">
         <name>f02_95</name>
         <value>0xeeb6</value>
         <object_component_ref idref="oc-308"/>
      </symbol>
      <symbol id="sm-3de">
         <name>f02_96</name>
         <value>0xf03e</value>
         <object_component_ref idref="oc-30b"/>
      </symbol>
      <symbol id="sm-3df">
         <name>f02_97</name>
         <value>0xeec8</value>
         <object_component_ref idref="oc-30e"/>
      </symbol>
      <symbol id="sm-3e0">
         <name>f02_90</name>
         <value>0xebd2</value>
         <object_component_ref idref="oc-2f9"/>
      </symbol>
      <symbol id="sm-3e1">
         <name>f02_91</name>
         <value>0xeffe</value>
         <object_component_ref idref="oc-2fc"/>
      </symbol>
      <symbol id="sm-3e2">
         <name>f02_92</name>
         <value>0xefa8</value>
         <object_component_ref idref="oc-2ff"/>
      </symbol>
      <symbol id="sm-3e3">
         <name>f02_93</name>
         <value>0xf00a</value>
         <object_component_ref idref="oc-302"/>
      </symbol>
      <symbol id="sm-3e4">
         <name>f02_88</name>
         <value>0xeadc</value>
         <object_component_ref idref="oc-2f3"/>
      </symbol>
      <symbol id="sm-3e5">
         <name>f02_89</name>
         <value>0xeaf4</value>
         <object_component_ref idref="oc-2f6"/>
      </symbol>
      <symbol id="sm-3e6">
         <name>f02_84</name>
         <value>0xec60</value>
         <object_component_ref idref="oc-2e7"/>
      </symbol>
      <symbol id="sm-3e7">
         <name>f02_85</name>
         <value>0xebbc</value>
         <object_component_ref idref="oc-2ea"/>
      </symbol>
      <symbol id="sm-3e8">
         <name>f02_86</name>
         <value>0xec74</value>
         <object_component_ref idref="oc-2ed"/>
      </symbol>
      <symbol id="sm-3e9">
         <name>f02_87</name>
         <value>0xe99c</value>
         <object_component_ref idref="oc-2f0"/>
      </symbol>
      <symbol id="sm-3ea">
         <name>f02_80</name>
         <value>0xeb90</value>
         <object_component_ref idref="oc-2db"/>
      </symbol>
      <symbol id="sm-3eb">
         <name>f02_81</name>
         <value>0xea62</value>
         <object_component_ref idref="oc-2de"/>
      </symbol>
      <symbol id="sm-3ec">
         <name>f02_82</name>
         <value>0xeba6</value>
         <object_component_ref idref="oc-2e1"/>
      </symbol>
      <symbol id="sm-3ed">
         <name>f02_83</name>
         <value>0xec4c</value>
         <object_component_ref idref="oc-2e4"/>
      </symbol>
      <symbol id="sm-3ee">
         <name>Font2</name>
         <value>0xe710</value>
         <object_component_ref idref="oc-1a6"/>
      </symbol>
      <symbol id="sm-3ef">
         <name>f02_38</name>
         <value>0xeb0c</value>
         <object_component_ref idref="oc-25d"/>
      </symbol>
      <symbol id="sm-3f0">
         <name>f02_39</name>
         <value>0xf07e</value>
         <object_component_ref idref="oc-260"/>
      </symbol>
      <symbol id="sm-3f1">
         <name>f02_34</name>
         <value>0xefc2</value>
         <object_component_ref idref="oc-251"/>
      </symbol>
      <symbol id="sm-3f2">
         <name>f02_35</name>
         <value>0xea94</value>
         <object_component_ref idref="oc-254"/>
      </symbol>
      <symbol id="sm-3f3">
         <name>f02_36</name>
         <value>0xec10</value>
         <object_component_ref idref="oc-257"/>
      </symbol>
      <symbol id="sm-3f4">
         <name>f02_37</name>
         <value>0xe9da</value>
         <object_component_ref idref="oc-25a"/>
      </symbol>
      <symbol id="sm-3f5">
         <name>f02_30</name>
         <value>0xed84</value>
         <object_component_ref idref="oc-245"/>
      </symbol>
      <symbol id="sm-3f6">
         <name>f02_31</name>
         <value>0xed96</value>
         <object_component_ref idref="oc-248"/>
      </symbol>
      <symbol id="sm-3f7">
         <name>f02_32</name>
         <value>0xeda8</value>
         <object_component_ref idref="oc-24b"/>
      </symbol>
      <symbol id="sm-3f8">
         <name>f02_33</name>
         <value>0xf058</value>
         <object_component_ref idref="oc-24e"/>
      </symbol>
      <symbol id="sm-3f9">
         <name>f02_29</name>
         <value>0xed72</value>
         <object_component_ref idref="oc-242"/>
      </symbol>
      <symbol id="sm-3fa">
         <name>f02_default</name>
         <value>0xef6e</value>
         <object_component_ref idref="oc-23f"/>
      </symbol>
      <symbol id="sm-40e">
         <name>TIMERCOUNT</name>
         <value>0x390</value>
      </symbol>
      <symbol id="sm-40f">
         <name>InitTimerSystem</name>
         <value>0xf90e</value>
         <object_component_ref idref="oc-181"/>
      </symbol>
      <symbol id="sm-410">
         <name>CallInISR</name>
         <value>0xf8f4</value>
         <object_component_ref idref="oc-13d"/>
      </symbol>
      <symbol id="sm-418">
         <name>__mspabi_srai</name>
         <value>0xf7a4</value>
         <object_component_ref idref="oc-483"/>
      </symbol>
      <symbol id="sm-419">
         <name>__mspabi_srai_8</name>
         <value>0xf7be</value>
         <object_component_ref idref="oc-483"/>
      </symbol>
      <symbol id="sm-41a">
         <name>__mspabi_srai_9</name>
         <value>0xf7bc</value>
         <object_component_ref idref="oc-483"/>
      </symbol>
      <symbol id="sm-41b">
         <name>__mspabi_srai_6</name>
         <value>0xf7c2</value>
         <object_component_ref idref="oc-483"/>
      </symbol>
      <symbol id="sm-41c">
         <name>__mspabi_srai_7</name>
         <value>0xf7c0</value>
         <object_component_ref idref="oc-483"/>
      </symbol>
      <symbol id="sm-41d">
         <name>__mspabi_srai_4</name>
         <value>0xf7c6</value>
         <object_component_ref idref="oc-483"/>
      </symbol>
      <symbol id="sm-41e">
         <name>__mspabi_srai_5</name>
         <value>0xf7c4</value>
         <object_component_ref idref="oc-483"/>
      </symbol>
      <symbol id="sm-41f">
         <name>__mspabi_srai_2</name>
         <value>0xf7ca</value>
         <object_component_ref idref="oc-483"/>
      </symbol>
      <symbol id="sm-420">
         <name>__mspabi_srai_3</name>
         <value>0xf7c8</value>
         <object_component_ref idref="oc-483"/>
      </symbol>
      <symbol id="sm-421">
         <name>__mspabi_srai_1</name>
         <value>0xf7cc</value>
         <object_component_ref idref="oc-483"/>
      </symbol>
      <symbol id="sm-422">
         <name>__mspabi_srai_15</name>
         <value>0xf7b0</value>
         <object_component_ref idref="oc-483"/>
      </symbol>
      <symbol id="sm-423">
         <name>__mspabi_srai_14</name>
         <value>0xf7b2</value>
         <object_component_ref idref="oc-483"/>
      </symbol>
      <symbol id="sm-424">
         <name>__mspabi_srai_13</name>
         <value>0xf7b4</value>
         <object_component_ref idref="oc-483"/>
      </symbol>
      <symbol id="sm-425">
         <name>__mspabi_srai_12</name>
         <value>0xf7b6</value>
         <object_component_ref idref="oc-483"/>
      </symbol>
      <symbol id="sm-426">
         <name>__mspabi_srai_11</name>
         <value>0xf7b8</value>
         <object_component_ref idref="oc-483"/>
      </symbol>
      <symbol id="sm-427">
         <name>__mspabi_srai_10</name>
         <value>0xf7ba</value>
         <object_component_ref idref="oc-483"/>
      </symbol>
      <symbol id="sm-42a">
         <name>__TI_int00</name>
         <value>0xffe0</value>
         <object_component_ref idref="oc-40"/>
      </symbol>
      <symbol id="sm-42d">
         <name>__TI_int02</name>
         <value>0xffe4</value>
         <object_component_ref idref="oc-41"/>
      </symbol>
      <symbol id="sm-430">
         <name>__TI_int03</name>
         <value>0xffe6</value>
         <object_component_ref idref="oc-42"/>
      </symbol>
      <symbol id="sm-433">
         <name>__TI_int05</name>
         <value>0xffea</value>
         <object_component_ref idref="oc-43"/>
      </symbol>
      <symbol id="sm-436">
         <name>__TI_int06</name>
         <value>0xffec</value>
         <object_component_ref idref="oc-44"/>
      </symbol>
      <symbol id="sm-439">
         <name>__TI_int07</name>
         <value>0xffee</value>
         <object_component_ref idref="oc-45"/>
      </symbol>
      <symbol id="sm-43c">
         <name>__TI_int08</name>
         <value>0xfff0</value>
         <object_component_ref idref="oc-46"/>
      </symbol>
      <symbol id="sm-43f">
         <name>__TI_int09</name>
         <value>0xfff2</value>
         <object_component_ref idref="oc-47"/>
      </symbol>
      <symbol id="sm-442">
         <name>__TI_int11</name>
         <value>0xfff6</value>
         <object_component_ref idref="oc-49"/>
      </symbol>
      <symbol id="sm-445">
         <name>__TI_int12</name>
         <value>0xfff8</value>
         <object_component_ref idref="oc-4a"/>
      </symbol>
      <symbol id="sm-448">
         <name>__TI_int13</name>
         <value>0xfffa</value>
         <object_component_ref idref="oc-4b"/>
      </symbol>
      <symbol id="sm-44b">
         <name>__TI_int14</name>
         <value>0xfffc</value>
         <object_component_ref idref="oc-4c"/>
      </symbol>
      <symbol id="sm-453">
         <name>__TI_ISR_TRAP</name>
         <value>0xf906</value>
         <object_component_ref idref="oc-dc"/>
      </symbol>
      <symbol id="sm-45d">
         <name>__mspabi_mpyi_sw</name>
         <value>0xf8d0</value>
         <object_component_ref idref="oc-4b3"/>
      </symbol>
      <symbol id="sm-45e">
         <name>__mspabi_mpyi</name>
         <value>0xf8d0</value>
         <object_component_ref idref="oc-4b3"/>
      </symbol>
      <symbol id="sm-46e">
         <name>_stack</name>
         <value>0x3b0</value>
         <object_component_ref idref="oc-b1"/>
      </symbol>
      <symbol id="sm-46f">
         <name>_c_int00_noargs</name>
         <value>0xf844</value>
         <object_component_ref idref="oc-f9"/>
      </symbol>
      <symbol id="sm-470">
         <name>_reset_vector</name>
         <value>0xfffe</value>
         <object_component_ref idref="oc-b4"/>
      </symbol>
      <symbol id="sm-492">
         <name>__TI_auto_init_nobinit_nopinit</name>
         <value>0xf688</value>
         <object_component_ref idref="oc-1ce"/>
      </symbol>
      <symbol id="sm-4aa">
         <name>__TI_zero_init_nomemset</name>
         <value>0xf8bc</value>
         <object_component_ref idref="oc-e7"/>
      </symbol>
      <symbol id="sm-4b5">
         <name>_system_pre_init</name>
         <value>0xf91a</value>
         <object_component_ref idref="oc-14c"/>
      </symbol>
      <symbol id="sm-4be">
         <name>_system_post_cinit</name>
         <value>0xf91e</value>
         <object_component_ref idref="oc-389"/>
      </symbol>
      <symbol id="sm-4ca">
         <name>C$$EXIT</name>
         <value>0xf914</value>
         <object_component_ref idref="oc-1c2"/>
      </symbol>
      <symbol id="sm-4cb">
         <name>abort</name>
         <value>0xf914</value>
         <object_component_ref idref="oc-1c2"/>
      </symbol>
      <symbol id="sm-4d7">
         <name>__mspabi_func_epilog_2</name>
         <value>0xf8ee</value>
         <object_component_ref idref="oc-bf"/>
      </symbol>
      <symbol id="sm-4d8">
         <name>__mspabi_func_epilog_3</name>
         <value>0xf8ec</value>
         <object_component_ref idref="oc-bf"/>
      </symbol>
      <symbol id="sm-4d9">
         <name>__mspabi_func_epilog_1</name>
         <value>0xf8f0</value>
         <object_component_ref idref="oc-bf"/>
      </symbol>
      <symbol id="sm-4da">
         <name>__mspabi_func_epilog_6</name>
         <value>0xf8e6</value>
         <object_component_ref idref="oc-bf"/>
      </symbol>
      <symbol id="sm-4db">
         <name>__mspabi_func_epilog_7</name>
         <value>0xf8e4</value>
         <object_component_ref idref="oc-bf"/>
      </symbol>
      <symbol id="sm-4dc">
         <name>__mspabi_func_epilog_4</name>
         <value>0xf8ea</value>
         <object_component_ref idref="oc-bf"/>
      </symbol>
      <symbol id="sm-4dd">
         <name>__mspabi_func_epilog_5</name>
         <value>0xf8e8</value>
         <object_component_ref idref="oc-bf"/>
      </symbol>
   </symbol_table>
   <title>Link successful</title>
</link_info>
